
> [ERROR] COMPILATION 
ERROR : 
  [INFO] --------------
-----------------------
-----------------------
-
> [ERROR] /C:/banking p
roject/backend/src/main
/java/com/kodbank/secur
ity/services/UserDetail
sImpl.java:[37,95] 
cannot find symbol
    symbol:   method 
getRole()
    location: variable 
user of type com.kodban
k.entity.Koduser
> [ERROR] /C:/banking p
roject/backend/src/main
/java/com/kodbank/secur
ity/services/UserDetail
sImpl.java:[40,21] 
cannot find symbol
    symbol:   method 
getUid()
    location: variable 
user of type com.kodban
k.entity.Koduser
> [ERROR] /C:/banking p
roject/backend/src/main
/java/com/kodbank/secur
ity/services/UserDetail
sImpl.java:[41,21] 
cannot find symbol
    symbol:   method 
getUsername()
    location: variable 
user of type com.kodban
k.entity.Koduser
> [ERROR] /C:/banking p
roject/backend/src/main
/java/com/kodbank/secur
ity/services/UserDetail
sImpl.java:[42,21] 
cannot find symbol
    symbol:   method 
getEmail()
    location: variable 
user of type com.kodban
k.entity.Koduser
> [ERROR] /C:/banking p
roject/backend/src/main
/java/com/kodbank/secur
ity/services/UserDetail
sImpl.java:[43,21] 
cannot find symbol
    symbol:   method 
getPassword()
    location: variable 
user of type com.kodban
k.entity.Koduser
> [ERROR] /C:/banking p
roject/backend/src/main
/java/com/kodbank/contr
oller/UserController.ja
va:[31,58] cannot find 
symbol
    symbol:   method 
getBalance()
    location: variable 
user of type com.kodban
k.entity.Koduser
> [ERROR] /C:/banking p
roject/backend/src/main
/java/com/kodbank/servi
ce/AuthService.java:[49
,69] cannot find symbol
    symbol:   method 
getUsername()
    location: variable 
loginRequest of type co
m.kodbank.payload.reque
st.LoginRequest
> [ERROR] /C:/banking p
roject/backend/src/main
/java/com/kodbank/servi
ce/AuthService.java:[49
,97] cannot find symbol
    symbol:   method 
getPassword()
    location: variable 
loginRequest of type co
m.kodbank.payload.reque
st.LoginRequest
> [ERROR] /C:/banking p
roject/backend/src/main
/java/com/kodbank/servi
ce/AuthService.java:[58
,40] cannot find symbol
    symbol:   method 
builder()
    location: class com
.kodbank.entity.UserTok
en
> [ERROR] /C:/banking p
roject/backend/src/main
/java/com/kodbank/servi
ce/AuthService.java:[73
,29] cannot find symbol
    symbol:   method 
getBalance()
    location: variable 
user of type com.kodban
k.entity.Koduser
> [ERROR] /C:/banking p
roject/backend/src/main
/java/com/kodbank/servi
ce/AuthService.java:[78
,58] cannot find symbol
    symbol:   method 
getUsername()
    location: variable 
signUpRequest of type c
om.kodbank.payload.requ
est.SignupRequest
> [ERROR] /C:/banking p
roject/backend/src/main
/java/com/kodbank/servi
ce/AuthService.java:[82
,55] cannot find symbol
    symbol:   method 
getEmail()
    location: variable 
signUpRequest of type c
om.kodbank.payload.requ
est.SignupRequest
> [ERROR] /C:/banking p
roject/backend/src/main
/java/com/kodbank/servi
ce/AuthService.java:[86
,31] cannot find symbol
    symbol:   method 
builder()
    location: class com
.kodbank.entity.Koduser
> [ERROR] /C:/banking p
roject/backend/src/main
/java/com/kodbank/servi
ce/AuthService.java:[87
,40] cannot find symbol
    symbol:   method 
getUsername()
    location: variable 
signUpRequest of type c
om.kodbank.payload.requ
est.SignupRequest
> [ERROR] /C:/banking p
roject/backend/src/main
/java/com/kodbank/servi
ce/AuthService.java:[88
,37] cannot find symbol
    symbol:   method 
getEmail()
    location: variable 
signUpRequest of type c
om.kodbank.payload.requ
est.SignupRequest
> [ERROR] /C:/banking p
roject/backend/src/main
/java/com/kodbank/servi
ce/AuthService.java:[89
,55] cannot find symbol
    symbol:   method 
getPassword()
    location: variable 
signUpRequest of type c
om.kodbank.payload.requ
est.SignupRequest
> [ERROR] /C:/banking p
roject/backend/src/main
/java/com/kodbank/servi
ce/AuthService.java:[90
,37] cannot find symbol
    symbol:   method 
getPhone()
    location: variable 
signUpRequest of type c
om.kodbank.payload.requ
est.SignupRequest
> [ERROR] Failed to 
execute goal org.apache
.maven.plugins:maven-co
mpiler-plugin:3.11.0:co
mpile 
(default-compile) on 
project 
kodbank-backend: 
Compilation failure: 
Compilation failure: 
> [ERROR] /C:/banking p
roject/backend/src/main
/java/com/kodbank/secur
ity/services/UserDetail
sImpl.java:[37,95] 
cannot find symbol
> [ERROR]   symbol:   
method getRole()
> [ERROR]   location: 
variable user of type c
om.kodbank.entity.Kodus
er
> [ERROR] /C:/banking p
roject/backend/src/main
/java/com/kodbank/secur
ity/services/UserDetail
sImpl.java:[40,21] 
cannot find symbol
> [ERROR]   symbol:   
method getUid()
> [ERROR]   location: 
variable user of type c
om.kodbank.entity.Kodus
er
> [ERROR] /C:/banking p
roject/backend/src/main
/java/com/kodbank/secur
ity/services/UserDetail
sImpl.java:[41,21] 
cannot find symbol
> [ERROR]   symbol:   
method getUsername()
> [ERROR]   location: 
variable user of type c
om.kodbank.entity.Kodus
er
> [ERROR] /C:/banking p
roject/backend/src/main
/java/com/kodbank/secur
ity/services/UserDetail
sImpl.java:[42,21] 
cannot find symbol
> [ERROR]   symbol:   
method getEmail()
> [ERROR]   location: 
variable user of type c
om.kodbank.entity.Kodus
er
> [ERROR] /C:/banking p
roject/backend/src/main
/java/com/kodbank/secur
ity/services/UserDetail
sImpl.java:[43,21] 
cannot find symbol
> [ERROR]   symbol:   
method getPassword()
> [ERROR]   location: 
variable user of type c
om.kodbank.entity.Kodus
er
> [ERROR] /C:/banking p
roject/backend/src/main
/java/com/kodbank/contr
oller/UserController.ja
va:[31,58] cannot find 
symbol
> [ERROR]   symbol:   
method getBalance()
> [ERROR]   location: 
variable user of type c
om.kodbank.entity.Kodus
er
> [ERROR] /C:/banking p
roject/backend/src/main
/java/com/kodbank/servi
ce/AuthService.java:[49
,69] cannot find symbol
> [ERROR]   symbol:   
method getUsername()
> [ERROR]   location: 
variable loginRequest 
of type com.kodbank.pay
load.request.LoginReque
st
> [ERROR] /C:/banking p
roject/backend/src/main
/java/com/kodbank/servi
ce/AuthService.java:[49
,97] cannot find symbol
> [ERROR]   symbol:   
method getPassword()
> [ERROR]   location: 
variable loginRequest 
of type com.kodbank.pay
load.request.LoginReque
st
> [ERROR] /C:/banking p
roject/backend/src/main
/java/com/kodbank/servi
ce/AuthService.java:[58
,40] cannot find symbol
> [ERROR]   symbol:   
method builder()
> [ERROR]   location: 
class com.kodbank.entit
y.UserToken
> [ERROR] /C:/banking p
roject/backend/src/main
/java/com/kodbank/servi
ce/AuthService.java:[73
,29] cannot find symbol
> [ERROR]   symbol:   
method getBalance()
> [ERROR]   location: 
variable user of type c
om.kodbank.entity.Kodus
er
> [ERROR] /C:/banking p
roject/backend/src/main
/java/com/kodbank/servi
ce/AuthService.java:[78
,58] cannot find symbol
> [ERROR]   symbol:   
method getUsername()
> [ERROR]   location: 
variable signUpRequest 
of type com.kodbank.pay
load.request.SignupRequ
est
> [ERROR] /C:/banking p
roject/backend/src/main
/java/com/kodbank/servi
ce/AuthService.java:[82
,55] cannot find symbol
> [ERROR]   symbol:   
method getEmail()
> [ERROR]   location: 
variable signUpRequest 
of type com.kodbank.pay
load.request.SignupRequ
est
> [ERROR] /C:/banking p
roject/backend/src/main
/java/com/kodbank/servi
ce/AuthService.java:[86
,31] cannot find symbol
> [ERROR]   symbol:   
method builder()
> [ERROR]   location: 
class com.kodbank.entit
y.Koduser
> [ERROR] /C:/banking p
roject/backend/src/main
/java/com/kodbank/servi
ce/AuthService.java:[87
,40] cannot find symbol
> [ERROR]   symbol:   
method getUsername()
> [ERROR]   location: 
variable signUpRequest 
of type com.kodbank.pay
load.request.SignupRequ
est
> [ERROR] /C:/banking p
roject/backend/src/main
/java/com/kodbank/servi
ce/AuthService.java:[88
,37] cannot find symbol
> [ERROR]   symbol:   
method getEmail()
> [ERROR]   location: 
variable signUpRequest 
of type com.kodbank.pay
load.request.SignupRequ
est
> [ERROR] /C:/banking p
roject/backend/src/main
/java/com/kodbank/servi
ce/AuthService.java:[89
,55] cannot find symbol
> [ERROR]   symbol:   
method getPassword()
> [ERROR]   location: 
variable signUpRequest 
of type com.kodbank.pay
load.request.SignupRequ
est
> [ERROR] /C:/banking p
roject/backend/src/main
/java/com/kodbank/servi
ce/AuthService.java:[90
,37] cannot find symbol
> [ERROR]   symbol:   
method getPhone()
> [ERROR]   location: 
variable signUpRequest 
of type com.kodbank.pay
load.request.SignupRequ
est
> [ERROR] -> [Help 1]
  org.apache.maven.life
cycle.LifecycleExecutio
nException: Failed to 
execute goal org.apache
.maven.plugins:maven-co
mpiler-plugin:3.11.0:co
mpile 
(default-compile) on 
project 
kodbank-backend: 
Compilation failure
      at org.apache.mav
en.lifecycle.internal.M
ojoExecutor.doExecute2 
(MojoExecutor.java:333)
> [ERROR] 
> [ERROR] 
> [ERROR] For more 
information about the 
errors and possible 
solutions, please read 
the following articles:
> [ERROR] [Help 1] http
://cwiki.apache.org/con
fluence/display/MAVEN/M
ojoFailureException
  [DEBUG] Shutting 
down adapter factory; 
available factories 
[file-lock, 
rwlock-local, 
semaphore-local, 
noop]; available name 
mappers 
[discriminating, 
file-gav, file-hgav, 
file-static, gav, 
static]
  [DEBUG] Shutting 
down 'file-lock' 
factory


